update-alternatives 2026-09-20 21:38:14: run with --install /usr/bin/awk awk /usr/bin/mawk 5 --slave /usr/share/man/man1/awk.1.gz awk.1.gz /usr/share/man/man1/mawk.1.gz --slave /usr/bin/nawk nawk /usr/bin/mawk --slave /usr/share/man/man1/nawk.1.gz nawk.1.gz /usr/share/man/man1/mawk.1.gz
update-alternatives 2026-09-20 21:38:14: link group awk updated to point to /usr/bin/mawk
update-alternatives 2026-09-20 21:38:35: run with --install /usr/bin/which which /usr/bin/which.debianutils 0 --slave /usr/share/man/man1/which.1.gz which.1.gz /usr/share/man/man1/which.debianutils.1.gz --slave /usr/share/man/de/man1/which.1.gz which.de1.gz /usr/share/man/de/man1/which.debianutils.1.gz --slave /usr/share/man/es/man1/which.1.gz which.es1.gz /usr/share/man/es/man1/which.debianutils.1.gz --slave /usr/share/man/fr/man1/which.1.gz which.fr1.gz /usr/share/man/fr/man1/which.debianutils.1.gz --slave /usr/share/man/it/man1/which.1.gz which.it1.gz /usr/share/man/it/man1/which.debianutils.1.gz --slave /usr/share/man/ja/man1/which.1.gz which.ja1.gz /usr/share/man/ja/man1/which.debianutils.1.gz --slave /usr/share/man/pl/man1/which.1.gz which.pl1.gz /usr/share/man/pl/man1/which.debianutils.1.gz --slave /usr/share/man/sl/man1/which.1.gz which.sl1.gz /usr/share/man/sl/man1/which.debianutils.1.gz
update-alternatives 2026-09-20 21:38:35: link group which updated to point to /usr/bin/which.debianutils
update-alternatives 2026-09-20 21:38:35: run with --install /usr/bin/awk awk /usr/bin/mawk 5 --slave /usr/share/man/man1/awk.1.gz awk.1.gz /usr/share/man/man1/mawk.1.gz --slave /usr/bin/nawk nawk /usr/bin/mawk --slave /usr/share/man/man1/nawk.1.gz nawk.1.gz /usr/share/man/man1/mawk.1.gz
update-alternatives 2026-09-20 21:38:36: run with --install /usr/share/man/man7/builtins.7.gz builtins.7.gz /usr/share/man/man7/bash-builtins.7.gz 10
update-alternatives 2026-09-20 21:38:36: link group builtins.7.gz updated to point to /usr/share/man/man7/bash-builtins.7.gz
update-alternatives 2026-09-20 21:38:39: run with --install /usr/sbin/rmt rmt /usr/sbin/rmt-tar 50 --slave /usr/share/man/man8/rmt.8.gz rmt.8.gz /usr/share/man/man8/rmt-tar.8.gz
update-alternatives 2026-09-20 21:38:39: link group rmt updated to point to /usr/sbin/rmt-tar
update-alternatives 2026-09-20 21:38:40: run with --install /usr/bin/pager pager /bin/more 50 --slave /usr/share/man/man1/pager.1.gz pager.1.gz /usr/share/man/man1/more.1.gz
update-alternatives 2026-09-20 21:38:40: link group pager updated to point to /bin/more
update-alternatives 2026-09-20 21:45:45: run with --install /usr/bin/js js /usr/bin/nodejs 200 --slave /usr/share/man/man1/js.1.gz js.1.gz /usr/share/man/man1/nodejs.1.gz
update-alternatives 2026-09-20 21:45:45: link group js updated to point to /usr/bin/nodejs
update-alternatives 2026-09-20 21:45:46: run with --install /usr/bin/babeljs babeljs /usr/bin/babeljs-7 30
update-alternatives 2026-09-20 21:45:46: link group babeljs updated to point to /usr/bin/babeljs-7
update-alternatives 2026-09-20 21:45:46: run with --install /usr/bin/babeljs-external-helpers babeljs-external-helpers /usr/bin/babeljs-7-external-helpers 30
update-alternatives 2026-09-20 21:45:46: link group babeljs-external-helpers updated to point to /usr/bin/babeljs-7-external-helpers
update-alternatives 2026-09-20 21:45:46: run with --install /usr/bin/babeljs-node babeljs-node /usr/bin/babeljs-7-node 30
update-alternatives 2026-09-20 21:45:46: link group babeljs-node updated to point to /usr/bin/babeljs-7-node
update-alternatives 2026-09-20 21:45:46: run with --install /usr/bin/babeljs-parser babeljs-parser /usr/bin/babeljs-7-parser 30
update-alternatives 2026-09-20 21:45:46: link group babeljs-parser updated to point to /usr/bin/babeljs-7-parser
update-alternatives 2026-09-20 23:14:44: run with --remove babeljs /usr/bin/babeljs-7
update-alternatives 2026-09-20 23:14:44: link group babeljs fully removed
update-alternatives 2026-09-20 23:14:44: run with --remove babeljs-external-helpers /usr/bin/babeljs-7-external-helpers
update-alternatives 2026-09-20 23:14:44: link group babeljs-external-helpers fully removed
update-alternatives 2026-09-20 23:14:44: run with --remove babeljs-node /usr/bin/babeljs-7-node
update-alternatives 2026-09-20 23:14:44: link group babeljs-node fully removed
update-alternatives 2026-09-20 23:14:44: run with --remove babeljs-parser /usr/bin/babeljs-7-parser
update-alternatives 2026-09-20 23:14:44: link group babeljs-parser fully removed
update-alternatives 2026-09-20 23:20:40: run with --install /usr/bin/babeljs babeljs /usr/bin/babeljs-7 30
update-alternatives 2026-09-20 23:20:40: link group babeljs updated to point to /usr/bin/babeljs-7
update-alternatives 2026-09-20 23:20:40: run with --install /usr/bin/babeljs-external-helpers babeljs-external-helpers /usr/bin/babeljs-7-external-helpers 30
update-alternatives 2026-09-20 23:20:40: link group babeljs-external-helpers updated to point to /usr/bin/babeljs-7-external-helpers
update-alternatives 2026-09-20 23:20:40: run with --install /usr/bin/babeljs-node babeljs-node /usr/bin/babeljs-7-node 30
update-alternatives 2026-09-20 23:20:40: link group babeljs-node updated to point to /usr/bin/babeljs-7-node
update-alternatives 2026-09-20 23:20:40: run with --install /usr/bin/babeljs-parser babeljs-parser /usr/bin/babeljs-7-parser 30
update-alternatives 2026-09-20 23:20:40: link group babeljs-parser updated to point to /usr/bin/babeljs-7-parser
update-alternatives 2026-09-20 23:21:24: run with --remove babeljs /usr/bin/babeljs-7
update-alternatives 2026-09-20 23:21:24: link group babeljs fully removed
update-alternatives 2026-09-20 23:21:24: run with --remove babeljs-external-helpers /usr/bin/babeljs-7-external-helpers
update-alternatives 2026-09-20 23:21:24: link group babeljs-external-helpers fully removed
update-alternatives 2026-09-20 23:21:24: run with --remove babeljs-node /usr/bin/babeljs-7-node
update-alternatives 2026-09-20 23:21:24: link group babeljs-node fully removed
update-alternatives 2026-09-20 23:21:24: run with --remove babeljs-parser /usr/bin/babeljs-7-parser
update-alternatives 2026-09-20 23:21:24: link group babeljs-parser fully removed
update-alternatives 2026-09-20 23:33:51: run with --install /usr/bin/babeljs babeljs /usr/bin/babeljs-7 30
update-alternatives 2026-09-20 23:33:51: link group babeljs updated to point to /usr/bin/babeljs-7
update-alternatives 2026-09-20 23:33:51: run with --install /usr/bin/babeljs-external-helpers babeljs-external-helpers /usr/bin/babeljs-7-external-helpers 30
update-alternatives 2026-09-20 23:33:51: link group babeljs-external-helpers updated to point to /usr/bin/babeljs-7-external-helpers
update-alternatives 2026-09-20 23:33:51: run with --install /usr/bin/babeljs-node babeljs-node /usr/bin/babeljs-7-node 30
update-alternatives 2026-09-20 23:33:51: link group babeljs-node updated to point to /usr/bin/babeljs-7-node
update-alternatives 2026-09-20 23:33:51: run with --install /usr/bin/babeljs-parser babeljs-parser /usr/bin/babeljs-7-parser 30
update-alternatives 2026-09-20 23:33:51: link group babeljs-parser updated to point to /usr/bin/babeljs-7-parser
update-alternatives 2026-09-21 00:19:41: run with --remove babeljs /usr/bin/babeljs-7
update-alternatives 2026-09-21 00:19:41: link group babeljs fully removed
update-alternatives 2026-09-21 00:19:41: run with --remove babeljs-external-helpers /usr/bin/babeljs-7-external-helpers
update-alternatives 2026-09-21 00:19:41: link group babeljs-external-helpers fully removed
update-alternatives 2026-09-21 00:19:41: run with --remove babeljs-node /usr/bin/babeljs-7-node
update-alternatives 2026-09-21 00:19:41: link group babeljs-node fully removed
update-alternatives 2026-09-21 00:19:41: run with --remove babeljs-parser /usr/bin/babeljs-7-parser
update-alternatives 2026-09-21 00:19:41: link group babeljs-parser fully removed
update-alternatives 2026-09-21 00:23:56: run with --remove js /usr/bin/nodejs
update-alternatives 2026-09-21 00:23:56: link group js fully removed
update-alternatives 2026-09-30 09:03:09: run with --install /usr/bin/mt mt /usr/bin/mt-gnu 10 --slave /usr/share/man/man1/mt.1.gz mt.1.gz /usr/share/man/man1/mt-gnu.1.gz
update-alternatives 2026-09-30 09:03:09: link group mt updated to point to /usr/bin/mt-gnu
