amd64: ok
2026-09-21 05:36:53 URL:https://deb.debian.org/debian/dists/trixie/InRelease [140421/140421] -> "/home/ybc-lw/文档/ouatos/rootfs/var/lib/apt/lists/partial/deb.debian.org_debian_dists_trixie_InRelease" [1]
gpgv: Signature made Sat Sep 12 15:56:18 2026 CST
gpgv:                using RSA key 4CB50190207B4758A3F73A796ED0E7B82643E131
gpgv: Good signature from "Debian Archive Automatic Signing Key (12/bookworm) <ftpmaster@debian.org>"
gpgv: Signature made Sat Sep 12 15:56:19 2026 CST
gpgv:                using RSA key B8E5F13176D2A7A75220028078DBA3BC47EF2265
gpgv: Good signature from "Debian Archive Automatic Signing Key (13/trixie) <ftpmaster@debian.org>"
gpgv: Signature made Sat Sep 12 15:57:47 2026 CST
gpgv:                using EDDSA key 41587F7DB8C774BCCF131416762F67A0B2C39DE4
gpgv: Good signature from "Debian Stable Release Key (13/trixie) <debian-release@lists.debian.org>"
2026-09-21 05:37:02 URL:https://deb.debian.org/debian/dists/trixie/main/binary-amd64/by-hash/SHA256/7778d3e3f303b7ddb8ce0fe7c8d57473a076c6bf2e8f241f75421d2396352498 [9678380/9678380] -> "/home/ybc-lw/文档/ouatos/rootfs/var/lib/apt/lists/partial/deb.debian.org_debian_dists_trixie_main_binary-amd64_Packages.xz" [1]
2026-09-21 05:37:13 URL:https://deb.debian.org/debian/pool/main/a/apt/apt_3.0.3_amd64.deb [1452192/1452192] -> "/home/ybc-lw/文档/ouatos/rootfs//var/cache/apt/archives/partial/apt_3.0.3_amd64.deb" [1]
2026-09-21 05:37:13 URL:https://deb.debian.org/debian/pool/main/b/base-files/base-files_13.8+deb13u7_amd64.deb [88296/88296] -> "/home/ybc-lw/文档/ouatos/rootfs//var/cache/apt/archives/partial/base-files_13.8+deb13u7_amd64.deb" [1]
2026-09-21 05:37:14 URL:https://deb.debian.org/debian/pool/main/b/base-passwd/base-passwd_3.6.7_amd64.deb [53712/53712] -> "/home/ybc-lw/文档/ouatos/rootfs//var/cache/apt/archives/partial/base-passwd_3.6.7_amd64.deb" [1]
2026-09-21 05:37:15 URL:https://deb.debian.org/debian/pool/main/b/bash/bash_5.2.37-2+b10_amd64.deb [1500792/1500792] -> "/home/ybc-lw/文档/ouatos/rootfs//var/cache/apt/archives/partial/bash_5.2.37-2+b10_amd64.deb" [1]
2026-09-21 05:37:15 URL:https://deb.debian.org/debian/pool/main/u/util-linux/bsdutils_2.41.5-0+deb13u1_amd64.deb [110208/110208] -> "/home/ybc-lw/文档/ouatos/rootfs//var/cache/apt/archives/partial/bsdutils_1%3a2.41.5-0+deb13u1_amd64.deb" [1]
2026-09-21 05:37:16 URL:https://deb.debian.org/debian/pool/main/c/ca-certificates/ca-certificates_20250419_all.deb [161704/161704] -> "/home/ybc-lw/文档/ouatos/rootfs//var/cache/apt/archives/partial/ca-certificates_20250419_all.deb" [1]
2026-09-21 05:37:17 URL:https://deb.debian.org/debian/pool/main/c/coreutils/coreutils_9.7-3_amd64.deb [3023556/3023556] -> "/home/ybc-lw/文档/ouatos/rootfs//var/cache/apt/archives/partial/coreutils_9.7-3_amd64.deb" [1]
2026-09-21 05:37:18 URL:https://deb.debian.org/debian/pool/main/d/dash/dash_0.5.12-12_amd64.deb [98504/98504] -> "/home/ybc-lw/文档/ouatos/rootfs//var/cache/apt/archives/partial/dash_0.5.12-12_amd64.deb" [1]
2026-09-21 05:37:18 URL:https://deb.debian.org/debian/pool/main/d/debconf/debconf_1.5.91_all.deb [121088/121088] -> "/home/ybc-lw/文档/ouatos/rootfs//var/cache/apt/archives/partial/debconf_1.5.91_all.deb" [1]
2026-09-21 05:37:19 URL:https://deb.debian.org/debian/pool/main/d/debian-archive-keyring/debian-archive-keyring_2025.1_all.deb [179244/179244] -> "/home/ybc-lw/文档/ouatos/rootfs//var/cache/apt/archives/partial/debian-archive-keyring_2025.1_all.deb" [1]
2026-09-21 05:37:20 URL:https://deb.debian.org/debian/pool/main/d/debianutils/debianutils_5.23.2_amd64.deb [92360/92360] -> "/home/ybc-lw/文档/ouatos/rootfs//var/cache/apt/archives/partial/debianutils_5.23.2_amd64.deb" [1]
2026-09-21 05:37:20 URL:https://deb.debian.org/debian/pool/main/d/diffutils/diffutils_3.10-4_amd64.deb [386504/386504] -> "/home/ybc-lw/文档/ouatos/rootfs//var/cache/apt/archives/partial/diffutils_1%3a3.10-4_amd64.deb" [1]
2026-09-21 05:37:21 URL:https://deb.debian.org/debian/pool/main/d/dpkg/dpkg_1.22.22_amd64.deb [1537216/1537216] -> "/home/ybc-lw/文档/ouatos/rootfs//var/cache/apt/archives/partial/dpkg_1.22.22_amd64.deb" [1]
2026-09-21 05:37:22 URL:https://deb.debian.org/debian/pool/main/f/findutils/findutils_4.10.0-3_amd64.deb [700008/700008] -> "/home/ybc-lw/文档/ouatos/rootfs//var/cache/apt/archives/partial/findutils_4.10.0-3_amd64.deb" [1]
2026-09-21 05:37:22 URL:https://deb.debian.org/debian/pool/main/g/gcc-14/gcc-14-base_14.2.0-19_amd64.deb [49432/49432] -> "/home/ybc-lw/文档/ouatos/rootfs//var/cache/apt/archives/partial/gcc-14-base_14.2.0-19_amd64.deb" [1]
2026-09-21 05:37:23 URL:https://deb.debian.org/debian/pool/main/g/grep/grep_3.11-4_amd64.deb [431488/431488] -> "/home/ybc-lw/文档/ouatos/rootfs//var/cache/apt/archives/partial/grep_3.11-4_amd64.deb" [1]
2026-09-21 05:37:24 URL:https://deb.debian.org/debian/pool/main/g/gzip/gzip_1.13-1+deb13u1_amd64.deb [138608/138608] -> "/home/ybc-lw/文档/ouatos/rootfs//var/cache/apt/archives/partial/gzip_1.13-1+deb13u1_amd64.deb" [1]
2026-09-21 05:37:24 URL:https://deb.debian.org/debian/pool/main/h/hostname/hostname_3.25_amd64.deb [11024/11024] -> "/home/ybc-lw/文档/ouatos/rootfs//var/cache/apt/archives/partial/hostname_3.25_amd64.deb" [1]
2026-09-21 05:37:25 URL:https://deb.debian.org/debian/pool/main/i/init-system-helpers/init-system-helpers_1.69~deb13u1_all.deb [39360/39360] -> "/home/ybc-lw/文档/ouatos/rootfs//var/cache/apt/archives/partial/init-system-helpers_1.69~deb13u1_all.deb" [1]
2026-09-21 05:37:25 URL:https://deb.debian.org/debian/pool/main/a/acl/libacl1_2.3.2-2+b1_amd64.deb [32860/32860] -> "/home/ybc-lw/文档/ouatos/rootfs//var/cache/apt/archives/partial/libacl1_2.3.2-2+b1_amd64.deb" [1]
2026-09-21 05:37:26 URL:https://deb.debian.org/debian/pool/main/a/apt/libapt-pkg7.0_3.0.3_amd64.deb [1112916/1112916] -> "/home/ybc-lw/文档/ouatos/rootfs//var/cache/apt/archives/partial/libapt-pkg7.0_3.0.3_amd64.deb" [1]
2026-09-21 05:37:27 URL:https://deb.debian.org/debian/pool/main/a/attr/libattr1_2.5.2-3_amd64.deb [22876/22876] -> "/home/ybc-lw/文档/ouatos/rootfs//var/cache/apt/archives/partial/libattr1_1%3a2.5.2-3_amd64.deb" [1]
2026-09-21 05:37:27 URL:https://deb.debian.org/debian/pool/main/a/audit/libaudit-common_4.0.2-2+deb13u1_all.deb [12812/12812] -> "/home/ybc-lw/文档/ouatos/rootfs//var/cache/apt/archives/partial/libaudit-common_1%3a4.0.2-2+deb13u1_all.deb" [1]
2026-09-21 05:37:28 URL:https://deb.debian.org/debian/pool/main/a/audit/libaudit1_4.0.2-2+deb13u1_amd64.deb [57680/57680] -> "/home/ybc-lw/文档/ouatos/rootfs//var/cache/apt/archives/partial/libaudit1_1%3a4.0.2-2+deb13u1_amd64.deb" [1]
2026-09-21 05:37:28 URL:https://deb.debian.org/debian/pool/main/u/util-linux/libblkid1_2.41.5-0+deb13u1_amd64.deb [171612/171612] -> "/home/ybc-lw/文档/ouatos/rootfs//var/cache/apt/archives/partial/libblkid1_2.41.5-0+deb13u1_amd64.deb" [1]
2026-09-21 05:37:29 URL:https://deb.debian.org/debian/pool/main/libb/libbsd/libbsd0_0.12.2-2_amd64.deb [130968/130968] -> "/home/ybc-lw/文档/ouatos/rootfs//var/cache/apt/archives/partial/libbsd0_0.12.2-2_amd64.deb" [1]
2026-09-21 05:37:30 URL:https://deb.debian.org/debian/pool/main/b/bzip2/libbz2-1.0_1.0.8-6_amd64.deb [37912/37912] -> "/home/ybc-lw/文档/ouatos/rootfs//var/cache/apt/archives/partial/libbz2-1.0_1.0.8-6_amd64.deb" [1]
2026-09-21 05:37:30 URL:https://deb.debian.org/debian/pool/main/g/glibc/libc-bin_2.41-12+deb13u4_amd64.deb [638452/638452] -> "/home/ybc-lw/文档/ouatos/rootfs//var/cache/apt/archives/partial/libc-bin_2.41-12+deb13u4_amd64.deb" [1]
2026-09-21 05:37:31 URL:https://deb.debian.org/debian/pool/main/g/glibc/libc6_2.41-12+deb13u4_amd64.deb [2846580/2846580] -> "/home/ybc-lw/文档/ouatos/rootfs//var/cache/apt/archives/partial/libc6_2.41-12+deb13u4_amd64.deb" [1]
2026-09-21 05:37:32 URL:https://deb.debian.org/debian/pool/main/libc/libcap-ng/libcap-ng0_0.8.5-4+b1_amd64.deb [17584/17584] -> "/home/ybc-lw/文档/ouatos/rootfs//var/cache/apt/archives/partial/libcap-ng0_0.8.5-4+b1_amd64.deb" [1]
2026-09-21 05:37:32 URL:https://deb.debian.org/debian/pool/main/libc/libcap2/libcap2_2.75-10+deb13u1+b3_amd64.deb [28988/28988] -> "/home/ybc-lw/文档/ouatos/rootfs//var/cache/apt/archives/partial/libcap2_1%3a2.75-10+deb13u1+b3_amd64.deb" [1]
2026-09-21 05:37:33 URL:https://deb.debian.org/debian/pool/main/libx/libxcrypt/libcrypt1_4.4.38-1_amd64.deb [90072/90072] -> "/home/ybc-lw/文档/ouatos/rootfs//var/cache/apt/archives/partial/libcrypt1_1%3a4.4.38-1_amd64.deb" [1]
2026-09-21 05:37:34 URL:https://deb.debian.org/debian/pool/main/d/db5.3/libdb5.3t64_5.3.28+dfsg2-9_amd64.deb [703676/703676] -> "/home/ybc-lw/文档/ouatos/rootfs//var/cache/apt/archives/partial/libdb5.3t64_5.3.28+dfsg2-9_amd64.deb" [1]
2026-09-21 05:37:34 URL:https://deb.debian.org/debian/pool/main/c/cdebconf/libdebconfclient0_0.280_amd64.deb [10632/10632] -> "/home/ybc-lw/文档/ouatos/rootfs//var/cache/apt/archives/partial/libdebconfclient0_0.280_amd64.deb" [1]
2026-09-21 05:37:35 URL:https://deb.debian.org/debian/pool/main/g/gcc-14/libgcc-s1_14.2.0-19_amd64.deb [72772/72772] -> "/home/ybc-lw/文档/ouatos/rootfs//var/cache/apt/archives/partial/libgcc-s1_14.2.0-19_amd64.deb" [1]
2026-09-21 05:37:35 URL:https://deb.debian.org/debian/pool/main/g/gmp/libgmp10_6.3.0+dfsg-3_amd64.deb [560220/560220] -> "/home/ybc-lw/文档/ouatos/rootfs//var/cache/apt/archives/partial/libgmp10_2%3a6.3.0+dfsg-3_amd64.deb" [1]
2026-09-21 05:37:36 URL:https://deb.debian.org/debian/pool/main/n/nettle/libhogweed6t64_3.10.1-1_amd64.deb [335240/335240] -> "/home/ybc-lw/文档/ouatos/rootfs//var/cache/apt/archives/partial/libhogweed6t64_3.10.1-1_amd64.deb" [1]
2026-09-21 05:37:37 URL:https://deb.debian.org/debian/pool/main/u/util-linux/liblastlog2-2_2.41.5-0+deb13u1_amd64.deb [28772/28772] -> "/home/ybc-lw/文档/ouatos/rootfs//var/cache/apt/archives/partial/liblastlog2-2_2.41.5-0+deb13u1_amd64.deb" [1]
2026-09-21 05:37:37 URL:https://deb.debian.org/debian/pool/main/l/lz4/liblz4-1_1.10.0-4_amd64.deb [63900/63900] -> "/home/ybc-lw/文档/ouatos/rootfs//var/cache/apt/archives/partial/liblz4-1_1.10.0-4_amd64.deb" [1]
2026-09-21 05:37:38 URL:https://deb.debian.org/debian/pool/main/x/xz-utils/liblzma5_5.8.1-1+deb13u1_amd64.deb [309492/309492] -> "/home/ybc-lw/文档/ouatos/rootfs//var/cache/apt/archives/partial/liblzma5_5.8.1-1+deb13u1_amd64.deb" [1]
2026-09-21 05:37:38 URL:https://deb.debian.org/debian/pool/main/libm/libmd/libmd0_1.1.0-2+b1_amd64.deb [36272/36272] -> "/home/ybc-lw/文档/ouatos/rootfs//var/cache/apt/archives/partial/libmd0_1.1.0-2+b1_amd64.deb" [1]
2026-09-21 05:37:39 URL:https://deb.debian.org/debian/pool/main/u/util-linux/libmount1_2.41.5-0+deb13u1_amd64.deb [210408/210408] -> "/home/ybc-lw/文档/ouatos/rootfs//var/cache/apt/archives/partial/libmount1_2.41.5-0+deb13u1_amd64.deb" [1]
2026-09-21 05:37:40 URL:https://deb.debian.org/debian/pool/main/n/nettle/libnettle8t64_3.10.1-1_amd64.deb [305436/305436] -> "/home/ybc-lw/文档/ouatos/rootfs//var/cache/apt/archives/partial/libnettle8t64_3.10.1-1_amd64.deb" [1]
2026-09-21 05:37:40 URL:https://deb.debian.org/debian/pool/main/p/pam/libpam-modules_1.7.0-5_amd64.deb [178696/178696] -> "/home/ybc-lw/文档/ouatos/rootfs//var/cache/apt/archives/partial/libpam-modules_1.7.0-5_amd64.deb" [1]
2026-09-21 05:37:41 URL:https://deb.debian.org/debian/pool/main/p/pam/libpam-modules-bin_1.7.0-5_amd64.deb [49116/49116] -> "/home/ybc-lw/文档/ouatos/rootfs//var/cache/apt/archives/partial/libpam-modules-bin_1.7.0-5_amd64.deb" [1]
2026-09-21 05:37:41 URL:https://deb.debian.org/debian/pool/main/p/pam/libpam-runtime_1.7.0-5_all.deb [248720/248720] -> "/home/ybc-lw/文档/ouatos/rootfs//var/cache/apt/archives/partial/libpam-runtime_1.7.0-5_all.deb" [1]
2026-09-21 05:37:42 URL:https://deb.debian.org/debian/pool/main/p/pam/libpam0g_1.7.0-5_amd64.deb [69880/69880] -> "/home/ybc-lw/文档/ouatos/rootfs//var/cache/apt/archives/partial/libpam0g_1.7.0-5_amd64.deb" [1]
2026-09-21 05:37:43 URL:https://deb.debian.org/debian/pool/main/p/pcre2/libpcre2-8-0_10.46-1~deb13u2_amd64.deb [298872/298872] -> "/home/ybc-lw/文档/ouatos/rootfs//var/cache/apt/archives/partial/libpcre2-8-0_10.46-1~deb13u2_amd64.deb" [1]
2026-09-21 05:37:43 URL:https://deb.debian.org/debian/pool/main/libs/libseccomp/libseccomp2_2.6.0-2_amd64.deb [51712/51712] -> "/home/ybc-lw/文档/ouatos/rootfs//var/cache/apt/archives/partial/libseccomp2_2.6.0-2_amd64.deb" [1]
2026-09-21 05:37:44 URL:https://deb.debian.org/debian/pool/main/libs/libselinux/libselinux1_3.8.1-1_amd64.deb [84680/84680] -> "/home/ybc-lw/文档/ouatos/rootfs//var/cache/apt/archives/partial/libselinux1_3.8.1-1_amd64.deb" [1]
2026-09-21 05:37:44 URL:https://deb.debian.org/debian/pool/main/libs/libsemanage/libsemanage-common_3.8.1-1_all.deb [7812/7812] -> "/home/ybc-lw/文档/ouatos/rootfs//var/cache/apt/archives/partial/libsemanage-common_3.8.1-1_all.deb" [1]
2026-09-21 05:37:45 URL:https://deb.debian.org/debian/pool/main/libs/libsemanage/libsemanage2_3.8.1-1_amd64.deb [95284/95284] -> "/home/ybc-lw/文档/ouatos/rootfs//var/cache/apt/archives/partial/libsemanage2_3.8.1-1_amd64.deb" [1]
2026-09-21 05:37:45 URL:https://deb.debian.org/debian/pool/main/libs/libsepol/libsepol2_3.8.1-1_amd64.deb [295588/295588] -> "/home/ybc-lw/文档/ouatos/rootfs//var/cache/apt/archives/partial/libsepol2_3.8.1-1_amd64.deb" [1]
2026-09-21 05:37:46 URL:https://deb.debian.org/debian/pool/main/u/util-linux/libsmartcols1_2.41.5-0+deb13u1_amd64.deb [143216/143216] -> "/home/ybc-lw/文档/ouatos/rootfs//var/cache/apt/archives/partial/libsmartcols1_2.41.5-0+deb13u1_amd64.deb" [1]
2026-09-21 05:37:47 URL:https://deb.debian.org/debian/pool/main/s/sqlite3/libsqlite3-0_3.46.1-7+deb13u2_amd64.deb [914584/914584] -> "/home/ybc-lw/文档/ouatos/rootfs//var/cache/apt/archives/partial/libsqlite3-0_3.46.1-7+deb13u2_amd64.deb" [1]
2026-09-21 05:37:48 URL:https://deb.debian.org/debian/pool/main/o/openssl/libssl3t64_3.5.7-1~deb13u2_amd64.deb [2453872/2453872] -> "/home/ybc-lw/文档/ouatos/rootfs//var/cache/apt/archives/partial/libssl3t64_3.5.7-1~deb13u2_amd64.deb" [1]
2026-09-21 05:37:49 URL:https://deb.debian.org/debian/pool/main/g/gcc-14/libstdc++6_14.2.0-19_amd64.deb [713628/713628] -> "/home/ybc-lw/文档/ouatos/rootfs//var/cache/apt/archives/partial/libstdc++6_14.2.0-19_amd64.deb" [1]
2026-09-21 05:37:49 URL:https://deb.debian.org/debian/pool/main/s/systemd/libsystemd0_257.13-1~deb13u1_amd64.deb [454648/454648] -> "/home/ybc-lw/文档/ouatos/rootfs//var/cache/apt/archives/partial/libsystemd0_257.13-1~deb13u1_amd64.deb" [1]
2026-09-21 05:37:50 URL:https://deb.debian.org/debian/pool/main/n/ncurses/libtinfo6_6.5+20250216-2_amd64.deb [348380/348380] -> "/home/ybc-lw/文档/ouatos/rootfs//var/cache/apt/archives/partial/libtinfo6_6.5+20250216-2_amd64.deb" [1]
2026-09-21 05:37:51 URL:https://deb.debian.org/debian/pool/main/s/systemd/libudev1_257.13-1~deb13u1_amd64.deb [152300/152300] -> "/home/ybc-lw/文档/ouatos/rootfs//var/cache/apt/archives/partial/libudev1_257.13-1~deb13u1_amd64.deb" [1]
2026-09-21 05:37:51 URL:https://deb.debian.org/debian/pool/main/u/util-linux/libuuid1_2.41.5-0+deb13u1_amd64.deb [37848/37848] -> "/home/ybc-lw/文档/ouatos/rootfs//var/cache/apt/archives/partial/libuuid1_2.41.5-0+deb13u1_amd64.deb" [1]
2026-09-21 05:37:52 URL:https://deb.debian.org/debian/pool/main/x/xxhash/libxxhash0_0.8.3-2_amd64.deb [27096/27096] -> "/home/ybc-lw/文档/ouatos/rootfs//var/cache/apt/archives/partial/libxxhash0_0.8.3-2_amd64.deb" [1]
2026-09-21 05:37:53 URL:https://deb.debian.org/debian/pool/main/libz/libzstd/libzstd1_1.5.7+dfsg-1_amd64.deb [303836/303836] -> "/home/ybc-lw/文档/ouatos/rootfs//var/cache/apt/archives/partial/libzstd1_1.5.7+dfsg-1_amd64.deb" [1]
2026-09-21 05:37:53 URL:https://deb.debian.org/debian/pool/main/u/util-linux/login_4.16.0-2+really2.41.5-0+deb13u1_amd64.deb [114952/114952] -> "/home/ybc-lw/文档/ouatos/rootfs//var/cache/apt/archives/partial/login_1%3a4.16.0-2+really2.41.5-0+deb13u1_amd64.deb" [1]
2026-09-21 05:37:54 URL:https://deb.debian.org/debian/pool/main/s/shadow/login.defs_4.17.4-2_all.deb [186124/186124] -> "/home/ybc-lw/文档/ouatos/rootfs//var/cache/apt/archives/partial/login.defs_1%3a4.17.4-2_all.deb" [1]
2026-09-21 05:37:55 URL:https://deb.debian.org/debian/pool/main/m/mawk/mawk_1.3.4.20250131-1_amd64.deb [140808/140808] -> "/home/ybc-lw/文档/ouatos/rootfs//var/cache/apt/archives/partial/mawk_1.3.4.20250131-1_amd64.deb" [1]
2026-09-21 05:37:55 URL:https://deb.debian.org/debian/pool/main/u/util-linux/mount_2.41.5-0+deb13u1_amd64.deb [163208/163208] -> "/home/ybc-lw/文档/ouatos/rootfs//var/cache/apt/archives/partial/mount_2.41.5-0+deb13u1_amd64.deb" [1]
2026-09-21 05:37:56 URL:https://deb.debian.org/debian/pool/main/n/ncurses/ncurses-base_6.5+20250216-2_all.deb [273216/273216] -> "/home/ybc-lw/文档/ouatos/rootfs//var/cache/apt/archives/partial/ncurses-base_6.5+20250216-2_all.deb" [1]
2026-09-21 05:37:56 URL:https://deb.debian.org/debian/pool/main/n/ncurses/ncurses-bin_6.5+20250216-2_amd64.deb [438372/438372] -> "/home/ybc-lw/文档/ouatos/rootfs//var/cache/apt/archives/partial/ncurses-bin_6.5+20250216-2_amd64.deb" [1]
2026-09-21 05:37:57 URL:https://deb.debian.org/debian/pool/main/o/openssl/openssl_3.5.7-1~deb13u2_amd64.deb [1507300/1507300] -> "/home/ybc-lw/文档/ouatos/rootfs//var/cache/apt/archives/partial/openssl_3.5.7-1~deb13u2_amd64.deb" [1]
2026-09-21 05:37:58 URL:https://deb.debian.org/debian/pool/main/o/openssl/openssl-provider-legacy_3.5.7-1~deb13u2_amd64.deb [316132/316132] -> "/home/ybc-lw/文档/ouatos/rootfs//var/cache/apt/archives/partial/openssl-provider-legacy_3.5.7-1~deb13u2_amd64.deb" [1]
2026-09-21 05:37:59 URL:https://deb.debian.org/debian/pool/main/s/shadow/passwd_4.17.4-2_amd64.deb [1228860/1228860] -> "/home/ybc-lw/文档/ouatos/rootfs//var/cache/apt/archives/partial/passwd_1%3a4.17.4-2_amd64.deb" [1]
2026-09-21 05:38:00 URL:https://deb.debian.org/debian/pool/main/p/perl/perl-base_5.40.1-6+deb13u1_amd64.deb [1666320/1666320] -> "/home/ybc-lw/文档/ouatos/rootfs//var/cache/apt/archives/partial/perl-base_5.40.1-6+deb13u1_amd64.deb" [1]
2026-09-21 05:38:01 URL:https://deb.debian.org/debian/pool/main/s/sed/sed_4.9-2+deb13u1_amd64.deb [330696/330696] -> "/home/ybc-lw/文档/ouatos/rootfs//var/cache/apt/archives/partial/sed_4.9-2+deb13u1_amd64.deb" [1]
2026-09-21 05:38:01 URL:https://deb.debian.org/debian/pool/main/r/rust-sequoia-sqv/sqv_1.3.0-3+b2_amd64.deb [661428/661428] -> "/home/ybc-lw/文档/ouatos/rootfs//var/cache/apt/archives/partial/sqv_1.3.0-3+b2_amd64.deb" [1]
2026-09-21 05:38:02 URL:https://deb.debian.org/debian/pool/main/s/sysvinit/sysvinit-utils_3.14-4_amd64.deb [34060/34060] -> "/home/ybc-lw/文档/ouatos/rootfs//var/cache/apt/archives/partial/sysvinit-utils_3.14-4_amd64.deb" [1]
2026-09-21 05:38:02 URL:https://deb.debian.org/debian/pool/main/t/tar/tar_1.35+dfsg-3.1_amd64.deb [814968/814968] -> "/home/ybc-lw/文档/ouatos/rootfs//var/cache/apt/archives/partial/tar_1.35+dfsg-3.1_amd64.deb" [1]
2026-09-21 05:38:03 URL:https://deb.debian.org/debian/pool/main/t/tzdata/tzdata_2026c-0+deb13u1_all.deb [264156/264156] -> "/home/ybc-lw/文档/ouatos/rootfs//var/cache/apt/archives/partial/tzdata_2026c-0+deb13u1_all.deb" [1]
2026-09-21 05:38:04 URL:https://deb.debian.org/debian/pool/main/u/util-linux/util-linux_2.41.5-0+deb13u1_amd64.deb [1242392/1242392] -> "/home/ybc-lw/文档/ouatos/rootfs//var/cache/apt/archives/partial/util-linux_2.41.5-0+deb13u1_amd64.deb" [1]
2026-09-21 05:38:04 URL:https://deb.debian.org/debian/pool/main/z/zlib/zlib1g_1.3.dfsg+really1.3.1-1+b1_amd64.deb [88892/88892] -> "/home/ybc-lw/文档/ouatos/rootfs//var/cache/apt/archives/partial/zlib1g_1%3a1.3.dfsg+really1.3.1-1+b1_amd64.deb" [1]
dpkg: warning: parsing file '/var/lib/dpkg/status' near line 5 package 'dpkg':
 missing 'Description' field
dpkg: warning: parsing file '/var/lib/dpkg/status' near line 5 package 'dpkg':
 missing 'Architecture' field
Selecting previously unselected package base-passwd.
(Reading database ... 0 files and directories currently installed.)
Preparing to unpack .../base-passwd_3.6.7_amd64.deb ...
Unpacking base-passwd (3.6.7) ...
dpkg: base-passwd: dependency problems, but configuring anyway as you requested:
 base-passwd depends on libc6 (>= 2.34); however:
  Package libc6 is not installed.
 base-passwd depends on libdebconfclient0 (>= 0.145); however:
  Package libdebconfclient0 is not installed.
 base-passwd depends on libselinux1 (>= 3.1~); however:
  Package libselinux1 is not installed.

Setting up base-passwd (3.6.7) ...
dpkg: warning: parsing file '/var/lib/dpkg/status' near line 24 package 'dpkg':
 missing 'Description' field
dpkg: warning: parsing file '/var/lib/dpkg/status' near line 24 package 'dpkg':
 missing 'Architecture' field
Selecting previously unselected package base-files.
dpkg: regarding .../base-files_13.8+deb13u7_amd64.deb containing base-files, pre-dependency problem:
 base-files pre-depends on awk
  awk is not installed.

dpkg: warning: ignoring pre-dependency problem!
(Reading database ... 44 files and directories currently installed.)
Preparing to unpack .../base-files_13.8+deb13u7_amd64.deb ...
dpkg-divert: warning: parsing file '/var/lib/dpkg/status' near line 24 package 'dpkg':
 missing 'Description' field
dpkg-divert: warning: parsing file '/var/lib/dpkg/status' near line 24 package 'dpkg':
 missing 'Architecture' field
dpkg-divert: warning: parsing file '/var/lib/dpkg/status' near line 24 package 'dpkg':
 missing 'Description' field
dpkg-divert: warning: parsing file '/var/lib/dpkg/status' near line 24 package 'dpkg':
 missing 'Architecture' field
dpkg-divert: warning: parsing file '/var/lib/dpkg/status' near line 24 package 'dpkg':
 missing 'Description' field
dpkg-divert: warning: parsing file '/var/lib/dpkg/status' near line 24 package 'dpkg':
 missing 'Architecture' field
Unpacking base-files (13.8+deb13u7) ...
dpkg: base-files: dependency problems, but configuring anyway as you requested:
 base-files depends on awk; however:
  Package awk is not installed.

Setting up base-files (13.8+deb13u7) ...
dpkg-divert: warning: parsing file '/var/lib/dpkg/status' near line 24 package 'dpkg':
 missing 'Description' field
dpkg-divert: warning: parsing file '/var/lib/dpkg/status' near line 24 package 'dpkg':
 missing 'Architecture' field
dpkg: warning: parsing file '/var/lib/dpkg/status' near line 51 package 'dpkg':
 missing 'Description' field
dpkg: warning: parsing file '/var/lib/dpkg/status' near line 51 package 'dpkg':
 missing 'Architecture' field
dpkg: regarding .../dpkg_1.22.22_amd64.deb containing dpkg, pre-dependency problem:
 dpkg pre-depends on libbz2-1.0
  libbz2-1.0 is not installed.

dpkg: warning: ignoring pre-dependency problem!
dpkg: regarding .../dpkg_1.22.22_amd64.deb containing dpkg, pre-dependency problem:
 dpkg pre-depends on libc6 (>= 2.38)
  libc6 is not installed.

dpkg: warning: ignoring pre-dependency problem!
dpkg: regarding .../dpkg_1.22.22_amd64.deb containing dpkg, pre-dependency problem:
 dpkg pre-depends on liblzma5 (>= 5.4.0)
  liblzma5 is not installed.

dpkg: warning: ignoring pre-dependency problem!
dpkg: regarding .../dpkg_1.22.22_amd64.deb containing dpkg, pre-dependency problem:
 dpkg pre-depends on libmd0 (>= 0.0.0)
  libmd0 is not installed.

dpkg: warning: ignoring pre-dependency problem!
dpkg: regarding .../dpkg_1.22.22_amd64.deb containing dpkg, pre-dependency problem:
 dpkg pre-depends on libselinux1 (>= 3.1~)
  libselinux1 is not installed.

dpkg: warning: ignoring pre-dependency problem!
dpkg: regarding .../dpkg_1.22.22_amd64.deb containing dpkg, pre-dependency problem:
 dpkg pre-depends on libzstd1 (>= 1.5.5)
  libzstd1 is not installed.

dpkg: warning: ignoring pre-dependency problem!
dpkg: regarding .../dpkg_1.22.22_amd64.deb containing dpkg, pre-dependency problem:
 dpkg pre-depends on zlib1g (>= 1:1.1.4)
  zlib1g is not installed.

dpkg: warning: ignoring pre-dependency problem!
(Reading database ... 145 files and directories currently installed.)
Preparing to unpack .../dpkg_1.22.22_amd64.deb ...
Unpacking dpkg (1.22.22) over (1.22.22) ...
dpkg: dpkg: dependency problems, but configuring anyway as you requested:
 dpkg depends on libbz2-1.0; however:
  Package libbz2-1.0 is not installed.
 dpkg depends on libc6 (>= 2.38); however:
  Package libc6 is not installed.
 dpkg depends on liblzma5 (>= 5.4.0); however:
  Package liblzma5 is not installed.
 dpkg depends on libmd0 (>= 0.0.0); however:
  Package libmd0 is not installed.
 dpkg depends on libselinux1 (>= 3.1~); however:
  Package libselinux1 is not installed.
 dpkg depends on libzstd1 (>= 1.5.5); however:
  Package libzstd1 is not installed.
 dpkg depends on zlib1g (>= 1:1.1.4); however:
  Package zlib1g is not installed.
 dpkg depends on tar (>= 1.28-1); however:
  Package tar is not installed.

Setting up dpkg (1.22.22) ...
Selecting previously unselected package libc6:amd64.
(Reading database ... 422 files and directories currently installed.)
Preparing to unpack .../libc6_2.41-12+deb13u4_amd64.deb ...
Unpacking libc6:amd64 (2.41-12+deb13u4) ...
dpkg: libc6:amd64: dependency problems, but configuring anyway as you requested:
 libc6:amd64 depends on libgcc-s1; however:
  Package libgcc-s1 is not installed.

Setting up libc6:amd64 (2.41-12+deb13u4) ...
Selecting previously unselected package perl-base.
dpkg: regarding .../perl-base_5.40.1-6+deb13u1_amd64.deb containing perl-base, pre-dependency problem:
 perl-base pre-depends on libcrypt1 (>= 1:4.1.0)
  libcrypt1 is not installed.

dpkg: warning: ignoring pre-dependency problem!
(Reading database ... 715 files and directories currently installed.)
Preparing to unpack .../perl-base_5.40.1-6+deb13u1_amd64.deb ...
Unpacking perl-base (5.40.1-6+deb13u1) ...
dpkg: perl-base: dependency problems, but configuring anyway as you requested:
 perl-base depends on libcrypt1 (>= 1:4.1.0); however:
  Package libcrypt1 is not installed.

Setting up perl-base (5.40.1-6+deb13u1) ...
Selecting previously unselected package mawk.
(Reading database ... 1448 files and directories currently installed.)
Preparing to unpack .../mawk_1.3.4.20250131-1_amd64.deb ...
Unpacking mawk (1.3.4.20250131-1) ...
Setting up mawk (1.3.4.20250131-1) ...
update-alternatives: using /usr/bin/mawk to provide /usr/bin/awk (awk) in auto mode
Selecting previously unselected package apt.
(Reading database ... 1470 files and directories currently installed.)
Preparing to unpack .../archives/apt_3.0.3_amd64.deb ...
Unpacking apt (3.0.3) ...
Preparing to unpack .../base-files_13.8+deb13u7_amd64.deb ...
Unpacking base-files (13.8+deb13u7) over (13.8+deb13u7) ...
Preparing to unpack .../base-passwd_3.6.7_amd64.deb ...
Unpacking base-passwd (3.6.7) over (3.6.7) ...
Selecting previously unselected package bash.
dpkg: regarding .../bash_5.2.37-2+b10_amd64.deb containing bash, pre-dependency problem:
 bash pre-depends on libtinfo6 (>= 6)
  libtinfo6 is not installed.

dpkg: warning: ignoring pre-dependency problem!
Preparing to unpack .../bash_5.2.37-2+b10_amd64.deb ...
Unpacking bash (5.2.37-2+b10) ...
Selecting previously unselected package bsdutils.
dpkg: regarding .../bsdutils_1%3a2.41.5-0+deb13u1_amd64.deb containing bsdutils, pre-dependency problem:
 bsdutils pre-depends on libsystemd0 (>= 254)
  libsystemd0 is not installed.

dpkg: warning: ignoring pre-dependency problem!
Preparing to unpack .../bsdutils_1%3a2.41.5-0+deb13u1_amd64.deb ...
Unpacking bsdutils (1:2.41.5-0+deb13u1) ...
Selecting previously unselected package coreutils.
dpkg: regarding .../coreutils_9.7-3_amd64.deb containing coreutils, pre-dependency problem:
 coreutils pre-depends on libacl1 (>= 2.2.23)
  libacl1 is not installed.

dpkg: warning: ignoring pre-dependency problem!
dpkg: regarding .../coreutils_9.7-3_amd64.deb containing coreutils, pre-dependency problem:
 coreutils pre-depends on libattr1 (>= 1:2.4.48)
  libattr1 is not installed.

dpkg: warning: ignoring pre-dependency problem!
dpkg: regarding .../coreutils_9.7-3_amd64.deb containing coreutils, pre-dependency problem:
 coreutils pre-depends on libcap2 (>= 1:2.10)
  libcap2 is not installed.

dpkg: warning: ignoring pre-dependency problem!
dpkg: regarding .../coreutils_9.7-3_amd64.deb containing coreutils, pre-dependency problem:
 coreutils pre-depends on libgmp10 (>= 2:6.3.0+dfsg)
  libgmp10 is not installed.

dpkg: warning: ignoring pre-dependency problem!
dpkg: regarding .../coreutils_9.7-3_amd64.deb containing coreutils, pre-dependency problem:
 coreutils pre-depends on libselinux1 (>= 3.1~)
  libselinux1 is not installed.

dpkg: warning: ignoring pre-dependency problem!
dpkg: regarding .../coreutils_9.7-3_amd64.deb containing coreutils, pre-dependency problem:
 coreutils pre-depends on libssl3t64 (>= 3.0.0)
  libssl3t64 is not installed.

dpkg: warning: ignoring pre-dependency problem!
dpkg: regarding .../coreutils_9.7-3_amd64.deb containing coreutils, pre-dependency problem:
 coreutils pre-depends on libsystemd0 (>= 254)
  libsystemd0 is not installed.

dpkg: warning: ignoring pre-dependency problem!
Preparing to unpack .../coreutils_9.7-3_amd64.deb ...
Unpacking coreutils (9.7-3) ...
Selecting previously unselected package dash.
Preparing to unpack .../dash_0.5.12-12_amd64.deb ...
Unpacking dash (0.5.12-12) ...
Selecting previously unselected package debconf.
Preparing to unpack .../debconf_1.5.91_all.deb ...
Unpacking debconf (1.5.91) ...
Selecting previously unselected package debian-archive-keyring.
Preparing to unpack .../debian-archive-keyring_2025.1_all.deb ...
Unpacking debian-archive-keyring (2025.1) ...
Selecting previously unselected package debianutils.
Preparing to unpack .../debianutils_5.23.2_amd64.deb ...
Unpacking debianutils (5.23.2) ...
Selecting previously unselected package diffutils.
Preparing to unpack .../diffutils_1%3a3.10-4_amd64.deb ...
Unpacking diffutils (1:3.10-4) ...
dpkg: regarding .../dpkg_1.22.22_amd64.deb containing dpkg, pre-dependency problem:
 dpkg pre-depends on libbz2-1.0
  libbz2-1.0 is not installed.

dpkg: warning: ignoring pre-dependency problem!
dpkg: regarding .../dpkg_1.22.22_amd64.deb containing dpkg, pre-dependency problem:
 dpkg pre-depends on liblzma5 (>= 5.4.0)
  liblzma5 is not installed.

dpkg: warning: ignoring pre-dependency problem!
dpkg: regarding .../dpkg_1.22.22_amd64.deb containing dpkg, pre-dependency problem:
 dpkg pre-depends on libmd0 (>= 0.0.0)
  libmd0 is not installed.

dpkg: warning: ignoring pre-dependency problem!
dpkg: regarding .../dpkg_1.22.22_amd64.deb containing dpkg, pre-dependency problem:
 dpkg pre-depends on libselinux1 (>= 3.1~)
  libselinux1 is not installed.

dpkg: warning: ignoring pre-dependency problem!
dpkg: regarding .../dpkg_1.22.22_amd64.deb containing dpkg, pre-dependency problem:
 dpkg pre-depends on libzstd1 (>= 1.5.5)
  libzstd1 is not installed.

dpkg: warning: ignoring pre-dependency problem!
dpkg: regarding .../dpkg_1.22.22_amd64.deb containing dpkg, pre-dependency problem:
 dpkg pre-depends on zlib1g (>= 1:1.1.4)
  zlib1g is not installed.

dpkg: warning: ignoring pre-dependency problem!
Preparing to unpack .../dpkg_1.22.22_amd64.deb ...
Unpacking dpkg (1.22.22) over (1.22.22) ...
Selecting previously unselected package findutils.
dpkg: regarding .../findutils_4.10.0-3_amd64.deb containing findutils, pre-dependency problem:
 findutils pre-depends on libselinux1 (>= 3.1~)
  libselinux1 is not installed.

dpkg: warning: ignoring pre-dependency problem!
Preparing to unpack .../findutils_4.10.0-3_amd64.deb ...
Unpacking findutils (4.10.0-3) ...
Selecting previously unselected package gcc-14-base:amd64.
Preparing to unpack .../gcc-14-base_14.2.0-19_amd64.deb ...
Unpacking gcc-14-base:amd64 (14.2.0-19) ...
Selecting previously unselected package grep.
dpkg: regarding .../archives/grep_3.11-4_amd64.deb containing grep, pre-dependency problem:
 grep pre-depends on libpcre2-8-0 (>= 10.32)
  libpcre2-8-0 is not installed.

dpkg: warning: ignoring pre-dependency problem!
Preparing to unpack .../archives/grep_3.11-4_amd64.deb ...
Unpacking grep (3.11-4) ...
Selecting previously unselected package gzip.
Preparing to unpack .../gzip_1.13-1+deb13u1_amd64.deb ...
Unpacking gzip (1.13-1+deb13u1) ...
Selecting previously unselected package hostname.
Preparing to unpack .../hostname_3.25_amd64.deb ...
Unpacking hostname (3.25) ...
Selecting previously unselected package init-system-helpers.
Preparing to unpack .../init-system-helpers_1.69~deb13u1_all.deb ...
Unpacking init-system-helpers (1.69~deb13u1) ...
Selecting previously unselected package libacl1:amd64.
Preparing to unpack .../libacl1_2.3.2-2+b1_amd64.deb ...
Unpacking libacl1:amd64 (2.3.2-2+b1) ...
Selecting previously unselected package libapt-pkg7.0:amd64.
Preparing to unpack .../libapt-pkg7.0_3.0.3_amd64.deb ...
Unpacking libapt-pkg7.0:amd64 (3.0.3) ...
Selecting previously unselected package libattr1:amd64.
Preparing to unpack .../libattr1_1%3a2.5.2-3_amd64.deb ...
Unpacking libattr1:amd64 (1:2.5.2-3) ...
Selecting previously unselected package libaudit-common.
Preparing to unpack .../libaudit-common_1%3a4.0.2-2+deb13u1_all.deb ...
Unpacking libaudit-common (1:4.0.2-2+deb13u1) ...
Selecting previously unselected package libaudit1:amd64.
Preparing to unpack .../libaudit1_1%3a4.0.2-2+deb13u1_amd64.deb ...
Unpacking libaudit1:amd64 (1:4.0.2-2+deb13u1) ...
Selecting previously unselected package libblkid1:amd64.
Preparing to unpack .../libblkid1_2.41.5-0+deb13u1_amd64.deb ...
Unpacking libblkid1:amd64 (2.41.5-0+deb13u1) ...
Selecting previously unselected package libbsd0:amd64.
Preparing to unpack .../libbsd0_0.12.2-2_amd64.deb ...
Unpacking libbsd0:amd64 (0.12.2-2) ...
Selecting previously unselected package libbz2-1.0:amd64.
Preparing to unpack .../libbz2-1.0_1.0.8-6_amd64.deb ...
Unpacking libbz2-1.0:amd64 (1.0.8-6) ...
Selecting previously unselected package libc-bin.
Preparing to unpack .../libc-bin_2.41-12+deb13u4_amd64.deb ...
Unpacking libc-bin (2.41-12+deb13u4) ...
Preparing to unpack .../libc6_2.41-12+deb13u4_amd64.deb ...
Unpacking libc6:amd64 (2.41-12+deb13u4) over (2.41-12+deb13u4) ...
Selecting previously unselected package libcap-ng0:amd64.
Preparing to unpack .../libcap-ng0_0.8.5-4+b1_amd64.deb ...
Unpacking libcap-ng0:amd64 (0.8.5-4+b1) ...
Selecting previously unselected package libcap2:amd64.
Preparing to unpack .../libcap2_1%3a2.75-10+deb13u1+b3_amd64.deb ...
Unpacking libcap2:amd64 (1:2.75-10+deb13u1+b3) ...
Selecting previously unselected package libcrypt1:amd64.
Preparing to unpack .../libcrypt1_1%3a4.4.38-1_amd64.deb ...
Unpacking libcrypt1:amd64 (1:4.4.38-1) ...
Selecting previously unselected package libdb5.3t64:amd64.
Preparing to unpack .../libdb5.3t64_5.3.28+dfsg2-9_amd64.deb ...
Unpacking libdb5.3t64:amd64 (5.3.28+dfsg2-9) ...
Selecting previously unselected package libdebconfclient0:amd64.
Preparing to unpack .../libdebconfclient0_0.280_amd64.deb ...
Unpacking libdebconfclient0:amd64 (0.280) ...
Selecting previously unselected package libgcc-s1:amd64.
Preparing to unpack .../libgcc-s1_14.2.0-19_amd64.deb ...
Unpacking libgcc-s1:amd64 (14.2.0-19) ...
Selecting previously unselected package libgmp10:amd64.
Preparing to unpack .../libgmp10_2%3a6.3.0+dfsg-3_amd64.deb ...
Unpacking libgmp10:amd64 (2:6.3.0+dfsg-3) ...
Selecting previously unselected package libhogweed6t64:amd64.
Preparing to unpack .../libhogweed6t64_3.10.1-1_amd64.deb ...
Unpacking libhogweed6t64:amd64 (3.10.1-1) ...
Selecting previously unselected package liblastlog2-2:amd64.
Preparing to unpack .../liblastlog2-2_2.41.5-0+deb13u1_amd64.deb ...
Unpacking liblastlog2-2:amd64 (2.41.5-0+deb13u1) ...
Selecting previously unselected package liblz4-1:amd64.
Preparing to unpack .../liblz4-1_1.10.0-4_amd64.deb ...
Unpacking liblz4-1:amd64 (1.10.0-4) ...
Selecting previously unselected package liblzma5:amd64.
Preparing to unpack .../liblzma5_5.8.1-1+deb13u1_amd64.deb ...
Unpacking liblzma5:amd64 (5.8.1-1+deb13u1) ...
Selecting previously unselected package libmd0:amd64.
Preparing to unpack .../libmd0_1.1.0-2+b1_amd64.deb ...
Unpacking libmd0:amd64 (1.1.0-2+b1) ...
Selecting previously unselected package libmount1:amd64.
Preparing to unpack .../libmount1_2.41.5-0+deb13u1_amd64.deb ...
Unpacking libmount1:amd64 (2.41.5-0+deb13u1) ...
Selecting previously unselected package libnettle8t64:amd64.
Preparing to unpack .../libnettle8t64_3.10.1-1_amd64.deb ...
Unpacking libnettle8t64:amd64 (3.10.1-1) ...
Selecting previously unselected package libpam-modules:amd64.
dpkg: regarding .../libpam-modules_1.7.0-5_amd64.deb containing libpam-modules:amd64, pre-dependency problem:
 libpam-modules pre-depends on libaudit1 (>= 1:2.2.1)
  libaudit1:amd64 is unpacked, but has never been configured.

dpkg: warning: ignoring pre-dependency problem!
dpkg: regarding .../libpam-modules_1.7.0-5_amd64.deb containing libpam-modules:amd64, pre-dependency problem:
 libpam-modules pre-depends on libcrypt1 (>= 1:4.3.0)
  libcrypt1:amd64 is unpacked, but has never been configured.

dpkg: warning: ignoring pre-dependency problem!
dpkg: regarding .../libpam-modules_1.7.0-5_amd64.deb containing libpam-modules:amd64, pre-dependency problem:
 libpam-modules pre-depends on libdb5.3t64
  libdb5.3t64:amd64 is unpacked, but has never been configured.

dpkg: warning: ignoring pre-dependency problem!
dpkg: regarding .../libpam-modules_1.7.0-5_amd64.deb containing libpam-modules:amd64, pre-dependency problem:
 libpam-modules pre-depends on libpam0g (>= 1.4.1)
  libpam0g is not installed.

dpkg: warning: ignoring pre-dependency problem!
dpkg: regarding .../libpam-modules_1.7.0-5_amd64.deb containing libpam-modules:amd64, pre-dependency problem:
 libpam-modules pre-depends on libselinux1 (>= 3.1~)
  libselinux1 is not installed.

dpkg: warning: ignoring pre-dependency problem!
dpkg: regarding .../libpam-modules_1.7.0-5_amd64.deb containing libpam-modules:amd64, pre-dependency problem:
 libpam-modules pre-depends on libsystemd0 (>= 254)
  libsystemd0 is not installed.

dpkg: warning: ignoring pre-dependency problem!
dpkg: regarding .../libpam-modules_1.7.0-5_amd64.deb containing libpam-modules:amd64, pre-dependency problem:
 libpam-modules pre-depends on debconf (>= 0.5) | debconf-2.0
  debconf is unpacked, but has never been configured.
  debconf provides debconf-2.0 but is unpacked but not configured.

dpkg: warning: ignoring pre-dependency problem!
dpkg: regarding .../libpam-modules_1.7.0-5_amd64.deb containing libpam-modules:amd64, pre-dependency problem:
 libpam-modules pre-depends on libpam-modules-bin (= 1.7.0-5)
  libpam-modules-bin is not installed.

dpkg: warning: ignoring pre-dependency problem!
Preparing to unpack .../libpam-modules_1.7.0-5_amd64.deb ...
Unpacking libpam-modules:amd64 (1.7.0-5) ...
Selecting previously unselected package libpam-modules-bin.
Preparing to unpack .../libpam-modules-bin_1.7.0-5_amd64.deb ...
Unpacking libpam-modules-bin (1.7.0-5) ...
Selecting previously unselected package libpam-runtime.
Preparing to unpack .../libpam-runtime_1.7.0-5_all.deb ...
Unpacking libpam-runtime (1.7.0-5) ...
Selecting previously unselected package libpam0g:amd64.
Preparing to unpack .../libpam0g_1.7.0-5_amd64.deb ...
Unpacking libpam0g:amd64 (1.7.0-5) ...
Selecting previously unselected package libpcre2-8-0:amd64.
Preparing to unpack .../libpcre2-8-0_10.46-1~deb13u2_amd64.deb ...
Unpacking libpcre2-8-0:amd64 (10.46-1~deb13u2) ...
Selecting previously unselected package libseccomp2:amd64.
Preparing to unpack .../libseccomp2_2.6.0-2_amd64.deb ...
Unpacking libseccomp2:amd64 (2.6.0-2) ...
Selecting previously unselected package libselinux1:amd64.
Preparing to unpack .../libselinux1_3.8.1-1_amd64.deb ...
Unpacking libselinux1:amd64 (3.8.1-1) ...
Selecting previously unselected package libsemanage-common.
Preparing to unpack .../libsemanage-common_3.8.1-1_all.deb ...
Unpacking libsemanage-common (3.8.1-1) ...
Selecting previously unselected package libsemanage2:amd64.
Preparing to unpack .../libsemanage2_3.8.1-1_amd64.deb ...
Unpacking libsemanage2:amd64 (3.8.1-1) ...
Selecting previously unselected package libsepol2:amd64.
Preparing to unpack .../libsepol2_3.8.1-1_amd64.deb ...
Unpacking libsepol2:amd64 (3.8.1-1) ...
Selecting previously unselected package libsmartcols1:amd64.
Preparing to unpack .../libsmartcols1_2.41.5-0+deb13u1_amd64.deb ...
Unpacking libsmartcols1:amd64 (2.41.5-0+deb13u1) ...
Selecting previously unselected package libsqlite3-0:amd64.
Preparing to unpack .../libsqlite3-0_3.46.1-7+deb13u2_amd64.deb ...
Unpacking libsqlite3-0:amd64 (3.46.1-7+deb13u2) ...
Selecting previously unselected package libssl3t64:amd64.
Preparing to unpack .../libssl3t64_3.5.7-1~deb13u2_amd64.deb ...
Unpacking libssl3t64:amd64 (3.5.7-1~deb13u2) ...
Selecting previously unselected package libstdc++6:amd64.
Preparing to unpack .../libstdc++6_14.2.0-19_amd64.deb ...
Unpacking libstdc++6:amd64 (14.2.0-19) ...
Selecting previously unselected package libsystemd0:amd64.
Preparing to unpack .../libsystemd0_257.13-1~deb13u1_amd64.deb ...
Unpacking libsystemd0:amd64 (257.13-1~deb13u1) ...
Selecting previously unselected package libtinfo6:amd64.
Preparing to unpack .../libtinfo6_6.5+20250216-2_amd64.deb ...
Unpacking libtinfo6:amd64 (6.5+20250216-2) ...
Selecting previously unselected package libudev1:amd64.
Preparing to unpack .../libudev1_257.13-1~deb13u1_amd64.deb ...
Unpacking libudev1:amd64 (257.13-1~deb13u1) ...
Selecting previously unselected package libuuid1:amd64.
Preparing to unpack .../libuuid1_2.41.5-0+deb13u1_amd64.deb ...
Unpacking libuuid1:amd64 (2.41.5-0+deb13u1) ...
Selecting previously unselected package libxxhash0:amd64.
Preparing to unpack .../libxxhash0_0.8.3-2_amd64.deb ...
Unpacking libxxhash0:amd64 (0.8.3-2) ...
Selecting previously unselected package libzstd1:amd64.
Preparing to unpack .../libzstd1_1.5.7+dfsg-1_amd64.deb ...
Unpacking libzstd1:amd64 (1.5.7+dfsg-1) ...
Selecting previously unselected package login.
dpkg: regarding .../login_1%3a4.16.0-2+really2.41.5-0+deb13u1_amd64.deb containing login, pre-dependency problem:
 login pre-depends on login.defs (>= 1:4.16.0-1~)
  login.defs is not installed.

dpkg: warning: ignoring pre-dependency problem!
Preparing to unpack .../login_1%3a4.16.0-2+really2.41.5-0+deb13u1_amd64.deb ...
Unpacking login (1:4.16.0-2+really2.41.5-0+deb13u1) ...
Selecting previously unselected package login.defs.
Preparing to unpack .../login.defs_1%3a4.17.4-2_all.deb ...
Unpacking login.defs (1:4.17.4-2) ...
Preparing to unpack .../mawk_1.3.4.20250131-1_amd64.deb ...
Unpacking mawk (1.3.4.20250131-1) over (1.3.4.20250131-1) ...
Selecting previously unselected package mount.
dpkg: regarding .../mount_2.41.5-0+deb13u1_amd64.deb containing mount, pre-dependency problem:
 mount pre-depends on libblkid1 (= 2.41.5-0+deb13u1)
  libblkid1:amd64 is unpacked, but has never been configured.

dpkg: warning: ignoring pre-dependency problem!
dpkg: regarding .../mount_2.41.5-0+deb13u1_amd64.deb containing mount, pre-dependency problem:
 mount pre-depends on libmount1 (= 2.41.5-0+deb13u1)
  libmount1:amd64 is unpacked, but has never been configured.

dpkg: warning: ignoring pre-dependency problem!
dpkg: regarding .../mount_2.41.5-0+deb13u1_amd64.deb containing mount, pre-dependency problem:
 mount pre-depends on libselinux1 (>= 3.1~)
  libselinux1:amd64 is unpacked, but has never been configured.

dpkg: warning: ignoring pre-dependency problem!
dpkg: regarding .../mount_2.41.5-0+deb13u1_amd64.deb containing mount, pre-dependency problem:
 mount pre-depends on libsmartcols1 (= 2.41.5-0+deb13u1)
  libsmartcols1:amd64 is unpacked, but has never been configured.

dpkg: warning: ignoring pre-dependency problem!
Preparing to unpack .../mount_2.41.5-0+deb13u1_amd64.deb ...
Unpacking mount (2.41.5-0+deb13u1) ...
Selecting previously unselected package ncurses-base.
Preparing to unpack .../ncurses-base_6.5+20250216-2_all.deb ...
Unpacking ncurses-base (6.5+20250216-2) ...
Selecting previously unselected package ncurses-bin.
dpkg: regarding .../ncurses-bin_6.5+20250216-2_amd64.deb containing ncurses-bin, pre-dependency problem:
 ncurses-bin pre-depends on libtinfo6 (>= 6.4+20230603)
  libtinfo6:amd64 is unpacked, but has never been configured.

dpkg: warning: ignoring pre-dependency problem!
Preparing to unpack .../ncurses-bin_6.5+20250216-2_amd64.deb ...
Unpacking ncurses-bin (6.5+20250216-2) ...
Selecting previously unselected package openssl-provider-legacy.
Preparing to unpack .../openssl-provider-legacy_3.5.7-1~deb13u2_amd64.deb ...
Unpacking openssl-provider-legacy (3.5.7-1~deb13u2) ...
Selecting previously unselected package passwd.
Preparing to unpack .../passwd_1%3a4.17.4-2_amd64.deb ...
Unpacking passwd (1:4.17.4-2) ...
dpkg: regarding .../perl-base_5.40.1-6+deb13u1_amd64.deb containing perl-base, pre-dependency problem:
 perl-base pre-depends on libcrypt1 (>= 1:4.1.0)
  libcrypt1:amd64 is unpacked, but has never been configured.

dpkg: warning: ignoring pre-dependency problem!
Preparing to unpack .../perl-base_5.40.1-6+deb13u1_amd64.deb ...
Unpacking perl-base (5.40.1-6+deb13u1) over (5.40.1-6+deb13u1) ...
Selecting previously unselected package sed.
dpkg: regarding .../sed_4.9-2+deb13u1_amd64.deb containing sed, pre-dependency problem:
 sed pre-depends on libacl1 (>= 2.2.23)
  libacl1:amd64 is unpacked, but has never been configured.

dpkg: warning: ignoring pre-dependency problem!
dpkg: regarding .../sed_4.9-2+deb13u1_amd64.deb containing sed, pre-dependency problem:
 sed pre-depends on libselinux1 (>= 3.1~)
  libselinux1:amd64 is unpacked, but has never been configured.

dpkg: warning: ignoring pre-dependency problem!
Preparing to unpack .../sed_4.9-2+deb13u1_amd64.deb ...
Unpacking sed (4.9-2+deb13u1) ...
Selecting previously unselected package sqv.
Preparing to unpack .../sqv_1.3.0-3+b2_amd64.deb ...
Unpacking sqv (1.3.0-3+b2) ...
Selecting previously unselected package sysvinit-utils.
Preparing to unpack .../sysvinit-utils_3.14-4_amd64.deb ...
Unpacking sysvinit-utils (3.14-4) ...
Selecting previously unselected package tar.
dpkg: regarding .../tar_1.35+dfsg-3.1_amd64.deb containing tar, pre-dependency problem:
 tar pre-depends on libacl1 (>= 2.2.23)
  libacl1:amd64 is unpacked, but has never been configured.

dpkg: warning: ignoring pre-dependency problem!
dpkg: regarding .../tar_1.35+dfsg-3.1_amd64.deb containing tar, pre-dependency problem:
 tar pre-depends on libselinux1 (>= 3.1~)
  libselinux1:amd64 is unpacked, but has never been configured.

dpkg: warning: ignoring pre-dependency problem!
Preparing to unpack .../tar_1.35+dfsg-3.1_amd64.deb ...
Unpacking tar (1.35+dfsg-3.1) ...
Selecting previously unselected package tzdata.
Preparing to unpack .../tzdata_2026c-0+deb13u1_all.deb ...
Unpacking tzdata (2026c-0+deb13u1) ...
Selecting previously unselected package util-linux.
dpkg: regarding .../util-linux_2.41.5-0+deb13u1_amd64.deb containing util-linux, pre-dependency problem:
 util-linux pre-depends on libpam-modules
  libpam-modules:amd64 is unpacked, but has never been configured.

dpkg: warning: ignoring pre-dependency problem!
dpkg: regarding .../util-linux_2.41.5-0+deb13u1_amd64.deb containing util-linux, pre-dependency problem:
 util-linux pre-depends on libpam-runtime
  libpam-runtime is unpacked, but has never been configured.

dpkg: warning: ignoring pre-dependency problem!
dpkg: regarding .../util-linux_2.41.5-0+deb13u1_amd64.deb containing util-linux, pre-dependency problem:
 util-linux pre-depends on libblkid1 (= 2.41.5-0+deb13u1)
  libblkid1:amd64 is unpacked, but has never been configured.

dpkg: warning: ignoring pre-dependency problem!
dpkg: regarding .../util-linux_2.41.5-0+deb13u1_amd64.deb containing util-linux, pre-dependency problem:
 util-linux pre-depends on libcap-ng0 (>= 0.7.9)
  libcap-ng0:amd64 is unpacked, but has never been configured.

dpkg: warning: ignoring pre-dependency problem!
dpkg: regarding .../util-linux_2.41.5-0+deb13u1_amd64.deb containing util-linux, pre-dependency problem:
 util-linux pre-depends on libcrypt1 (>= 1:4.1.0)
  libcrypt1:amd64 is unpacked, but has never been configured.

dpkg: warning: ignoring pre-dependency problem!
dpkg: regarding .../util-linux_2.41.5-0+deb13u1_amd64.deb containing util-linux, pre-dependency problem:
 util-linux pre-depends on liblastlog2-2 (= 2.41.5-0+deb13u1)
  liblastlog2-2:amd64 is unpacked, but has never been configured.

dpkg: warning: ignoring pre-dependency problem!
dpkg: regarding .../util-linux_2.41.5-0+deb13u1_amd64.deb containing util-linux, pre-dependency problem:
 util-linux pre-depends on libmount1 (= 2.41.5-0+deb13u1)
  libmount1:amd64 is unpacked, but has never been configured.

dpkg: warning: ignoring pre-dependency problem!
dpkg: regarding .../util-linux_2.41.5-0+deb13u1_amd64.deb containing util-linux, pre-dependency problem:
 util-linux pre-depends on libpam0g (>= 0.99.7.1)
  libpam0g:amd64 is unpacked, but has never been configured.

dpkg: warning: ignoring pre-dependency problem!
dpkg: regarding .../util-linux_2.41.5-0+deb13u1_amd64.deb containing util-linux, pre-dependency problem:
 util-linux pre-depends on libselinux1 (>= 3.1~)
  libselinux1:amd64 is unpacked, but has never been configured.

dpkg: warning: ignoring pre-dependency problem!
dpkg: regarding .../util-linux_2.41.5-0+deb13u1_amd64.deb containing util-linux, pre-dependency problem:
 util-linux pre-depends on libsmartcols1 (= 2.41.5-0+deb13u1)
  libsmartcols1:amd64 is unpacked, but has never been configured.

dpkg: warning: ignoring pre-dependency problem!
dpkg: regarding .../util-linux_2.41.5-0+deb13u1_amd64.deb containing util-linux, pre-dependency problem:
 util-linux pre-depends on libsystemd0
  libsystemd0:amd64 is unpacked, but has never been configured.

dpkg: warning: ignoring pre-dependency problem!
dpkg: regarding .../util-linux_2.41.5-0+deb13u1_amd64.deb containing util-linux, pre-dependency problem:
 util-linux pre-depends on libtinfo6 (>= 6)
  libtinfo6:amd64 is unpacked, but has never been configured.

dpkg: warning: ignoring pre-dependency problem!
dpkg: regarding .../util-linux_2.41.5-0+deb13u1_amd64.deb containing util-linux, pre-dependency problem:
 util-linux pre-depends on libudev1 (>= 183)
  libudev1:amd64 is unpacked, but has never been configured.

dpkg: warning: ignoring pre-dependency problem!
dpkg: regarding .../util-linux_2.41.5-0+deb13u1_amd64.deb containing util-linux, pre-dependency problem:
 util-linux pre-depends on libuuid1 (= 2.41.5-0+deb13u1)
  libuuid1:amd64 is unpacked, but has never been configured.

dpkg: warning: ignoring pre-dependency problem!
Preparing to unpack .../util-linux_2.41.5-0+deb13u1_amd64.deb ...
Unpacking util-linux (2.41.5-0+deb13u1) ...
Selecting previously unselected package zlib1g:amd64.
Preparing to unpack .../zlib1g_1%3a1.3.dfsg+really1.3.1-1+b1_amd64.deb ...
Unpacking zlib1g:amd64 (1:1.3.dfsg+really1.3.1-1+b1) ...
Setting up gcc-14-base:amd64 (14.2.0-19) ...
Setting up login.defs (1:4.17.4-2) ...
Setting up debian-archive-keyring (2025.1) ...
Setting up libaudit-common (1:4.0.2-2+deb13u1) ...
Setting up libsemanage-common (3.8.1-1) ...
Setting up debconf (1.5.91) ...
Setting up tzdata (2026c-0+deb13u1) ...

Current default time zone: 'Etc/UTC'
Local time is now:      Sun Sep 20 21:38:34 UTC 2026.
Universal Time is now:  Sun Sep 20 21:38:34 UTC 2026.
Run 'dpkg-reconfigure tzdata' if you wish to change it.

Setting up ncurses-base (6.5+20250216-2) ...
Setting up init-system-helpers (1.69~deb13u1) ...
Setting up libgcc-s1:amd64 (14.2.0-19) ...
Setting up libc6:amd64 (2.41-12+deb13u4) ...
Setting up libdb5.3t64:amd64 (5.3.28+dfsg2-9) ...
Setting up libmd0:amd64 (1.1.0-2+b1) ...
Setting up libxxhash0:amd64 (0.8.3-2) ...
Setting up libattr1:amd64 (1:2.5.2-3) ...
Setting up sysvinit-utils (3.14-4) ...
Setting up debianutils (5.23.2) ...
update-alternatives: using /usr/bin/which.debianutils to provide /usr/bin/which (which) in auto mode
Setting up mawk (1.3.4.20250131-1) ...
Setting up libdebconfclient0:amd64 (0.280) ...
Setting up base-files (13.8+deb13u7) ...
Setting up libbz2-1.0:amd64 (1.0.8-6) ...
Setting up libbsd0:amd64 (0.12.2-2) ...
Setting up libblkid1:amd64 (2.41.5-0+deb13u1) ...
Setting up libstdc++6:amd64 (14.2.0-19) ...
Setting up dash (0.5.12-12) ...
Setting up libtinfo6:amd64 (6.5+20250216-2) ...
Setting up bash (5.2.37-2+b10) ...
update-alternatives: using /usr/share/man/man7/bash-builtins.7.gz to provide /usr/share/man/man7/builtins.7.gz (builtins.7.gz) in auto mode
Setting up libzstd1:amd64 (1.5.7+dfsg-1) ...
Setting up liblzma5:amd64 (5.8.1-1+deb13u1) ...
Setting up liblz4-1:amd64 (1.10.0-4) ...
Setting up libc-bin (2.41-12+deb13u4) ...
Setting up libsqlite3-0:amd64 (3.46.1-7+deb13u2) ...
Setting up ncurses-bin (6.5+20250216-2) ...
Setting up libacl1:amd64 (2.3.2-2+b1) ...
Setting up libsmartcols1:amd64 (2.41.5-0+deb13u1) ...
Setting up zlib1g:amd64 (1:1.3.dfsg+really1.3.1-1+b1) ...
Setting up libcrypt1:amd64 (1:4.4.38-1) ...
Setting up diffutils (1:3.10-4) ...
Setting up libseccomp2:amd64 (2.6.0-2) ...
Setting up libcap2:amd64 (1:2.75-10+deb13u1+b3) ...
Setting up perl-base (5.40.1-6+deb13u1) ...
Setting up openssl-provider-legacy (3.5.7-1~deb13u2) ...
Setting up hostname (3.25) ...
Setting up libcap-ng0:amd64 (0.8.5-4+b1) ...
Setting up libnettle8t64:amd64 (3.10.1-1) ...
Setting up libgmp10:amd64 (2:6.3.0+dfsg-3) ...
Setting up libaudit1:amd64 (1:4.0.2-2+deb13u1) ...
Setting up gzip (1.13-1+deb13u1) ...
Setting up libuuid1:amd64 (2.41.5-0+deb13u1) ...
Setting up libsepol2:amd64 (3.8.1-1) ...
Setting up libpcre2-8-0:amd64 (10.46-1~deb13u2) ...
Setting up libudev1:amd64 (257.13-1~deb13u1) ...
Setting up libhogweed6t64:amd64 (3.10.1-1) ...
Setting up sqv (1.3.0-3+b2) ...
Setting up grep (3.11-4) ...
Setting up libssl3t64:amd64 (3.5.7-1~deb13u2) ...
Setting up liblastlog2-2:amd64 (2.41.5-0+deb13u1) ...
Setting up libsystemd0:amd64 (257.13-1~deb13u1) ...
Setting up libselinux1:amd64 (3.8.1-1) ...
Setting up libpam0g:amd64 (1.7.0-5) ...
Setting up sed (4.9-2+deb13u1) ...
Setting up findutils (4.10.0-3) ...
Setting up libmount1:amd64 (2.41.5-0+deb13u1) ...
Setting up libsemanage2:amd64 (3.8.1-1) ...
Setting up libapt-pkg7.0:amd64 (3.0.3) ...
Setting up base-passwd (3.6.7) ...
Setting up apt (3.0.3) ...
Setting up bsdutils (1:2.41.5-0+deb13u1) ...
Setting up tar (1.35+dfsg-3.1) ...
update-alternatives: using /usr/sbin/rmt-tar to provide /usr/sbin/rmt (rmt) in auto mode
Setting up libpam-modules-bin (1.7.0-5) ...
Setting up coreutils (9.7-3) ...
Setting up dpkg (1.22.22) ...
Setting up mount (2.41.5-0+deb13u1) ...
Setting up libpam-modules:amd64 (1.7.0-5) ...
Setting up passwd (1:4.17.4-2) ...
Shadow passwords are now on.
Setting up libpam-runtime (1.7.0-5) ...
Setting up login (1:4.16.0-2+really2.41.5-0+deb13u1) ...
Setting up util-linux (2.41.5-0+deb13u1) ...
update-alternatives: using /bin/more to provide /usr/bin/pager (pager) in auto mode
Processing triggers for libc-bin (2.41-12+deb13u4) ...
(Reading database ... 4951 files and directories currently installed.)
Preparing to unpack .../ca-certificates_20250419_all.deb ...
Unpacking ca-certificates (20250419) ...
Preparing to unpack .../openssl_3.5.7-1~deb13u2_amd64.deb ...
Unpacking openssl (3.5.7-1~deb13u2) ...
Setting up openssl (3.5.7-1~deb13u2) ...
Setting up ca-certificates (20250419) ...
Updating certificates in /etc/ssl/certs...
150 added, 0 removed; done.
Processing triggers for ca-certificates (20250419) ...
Updating certificates in /etc/ssl/certs...
0 added, 0 removed; done.
Running hooks in /etc/ca-certificates/update.d...
done.
